<html>
<body>
<pre>
<h1>µVision Build Log</h1>
<h2>Tool Versions:</h2>
IDE-Version: ¦ÌVision V5.38.0.0
Copyright (C) 2022 ARM Ltd and ARM Germany GmbH. All rights reserved.
License Information: 1 1, 11, LIC=TIVNB-2EB17-01EP1-CT876-B0KQQ-K2N0E
 
Tool Versions:
Toolchain:       MDK-ARM Plus  Version: 5.38.0.0
Toolchain Path:  E:\keil5\ARM\ARMCC\Bin
C Compiler:      Armcc.exe V5.06 update 1 (build 61)
Assembler:       Armasm.exe V5.06 update 1 (build 61)
Linker/Locator:  ArmLink.exe V5.06 update 1 (build 61)
Library Manager: ArmAr.exe V5.06 update 1 (build 61)
Hex Converter:   FromElf.exe V5.06 update 1 (build 61)
CPU DLL:         SARMCM3.DLL V5.38.0.0
Dialog DLL:      DCM.DLL V1.17.5.0
Target DLL:      STLink\ST-LINKIII-KEIL_SWO.dll V3.1.0.0
Dialog DLL:      TCM.DLL V1.56.4.0
 
<h2>Project:</h2>
C:\Users\10302\Desktop\1.69 TFTLCD ST7789V+CST816T stm32f103zet6\1.69 TFTLCD ST7789V+CST816T\template.uvprojx
Project File Date:  08/16/2023

<h2>Output:</h2>
*** Using Compiler 'V5.06 update 1 (build 61)', folder: 'E:\keil5\ARM\ARMCC\Bin'
Rebuild target 'Target 1'
compiling misc.c...
compiling stm32f10x_spi.c...
compiling stm32f10x_it.c...
compiling stm32f10x_rcc.c...
compiling stm32f10x_dma.c...
compiling stm32f10x_gpio.c...
compiling delay.c...
compiling main.c...
compiling stm32f10x_usart.c...
compiling stm32f10x_exti.c...
compiling core_cm3.c...
assembling startup_stm32f10x_md.s...
compiling cst816t.c...
compiling usart.c...
compiling i2c.c...
compiling system_stm32f10x.c...
compiling st7789v.c...
linking...
Program Size: Code=7580 RO-data=122392 RW-data=36 ZI-data=1228  
FromELF: creating hex file...
".\Obj\template.axf" - 0 Error(s), 0 Warning(s).

<h2>Software Packages used:</h2>

Package Vendor: Keil
                http://www.keil.com/pack/Keil.STM32F1xx_DFP.2.4.0.pack
                Keil.STM32F1xx_DFP.2.4.0
                STMicroelectronics STM32F1 Series Device Support, Drivers and Examples

<h2>Collection of Component include folders:</h2>
  E:/keil5/ARM/Pack/Keil/STM32F1xx_DFP/2.4.0/Device/Include

<h2>Collection of Component Files used:</h2>
Build Time Elapsed:  00:00:05
</pre>
</body>
</html>
